// Jest Snapshot v1, https://goo.gl/fbAQLP

exports[`renders correctly 1`] = `
<View
  onLayout={[Function]}
>
  <View
    style={
      Object {
        "alignItems": "center",
        "flexDirection": "column",
      }
    }
  >
    <View
      style={Object {}}
    >
      <View
        style={
          Object {
            "position": "relative",
          }
        }
      >
        <View
          style={
            Array [
              Object {
                "borderRadius": 4,
                "height": 20,
                "width": 320,
              },
              Object {
                "backgroundColor": "#E1E9EE",
                "overflow": "hidden",
              },
            ]
          }
        />
      </View>
      <View
        style={
          Object {
            "position": "relative",
          }
        }
      >
        <View
          style={
            Array [
              Object {
                "borderRadius": 4,
                "height": 30,
                "marginTop": 6,
                "width": 320,
              },
              Object {
                "backgroundColor": "#E1E9EE",
                "overflow": "hidden",
              },
            ]
          }
        />
      </View>
    </View>
  </View>
</View>
`;
